// Jest Snapshot v1, https://goo.gl/fbAQLP

exports[`Funkcije renders correctly 1`] = `ShallowWrapper {}`;
